                                      1 ;--------------------------------------------------------
                                      2 ; File Created by SDCC : free open source ANSI-C Compiler
                                      3 ; Version 4.0.0 #11528 (Linux)
                                      4 ;--------------------------------------------------------
                                      5 	.module main
                                      6 	.optsdcc -mstm8
                                      7 	
                                      8 ;--------------------------------------------------------
                                      9 ; Public variables in this module
                                     10 ;--------------------------------------------------------
                                     11 	.globl _replyD8
                                     12 	.globl _main
                                     13 	.globl _i2cirq
                                     14 	.globl _I2CRead
                                     15 	.globl _I2CInit
                                     16 	.globl _prev_pin_stat
                                     17 	.globl _current_pin_stat
                                     18 	.globl _replycnt
                                     19 	.globl _replyF4
                                     20 	.globl _i2c_reply
                                     21 	.globl _return_i2c
                                     22 	.globl _Event
                                     23 ;--------------------------------------------------------
                                     24 ; ram data
                                     25 ;--------------------------------------------------------
                                     26 	.area DATA
                                     27 ;--------------------------------------------------------
                                     28 ; ram data
                                     29 ;--------------------------------------------------------
                                     30 	.area INITIALIZED
      000000                         31 _Event::
      000000                         32 	.ds 2
      000002                         33 _return_i2c::
      000002                         34 	.ds 1
      000003                         35 _i2c_reply::
      000003                         36 	.ds 1
      000004                         37 _replyF4::
      000004                         38 	.ds 1
      000005                         39 _replycnt::
      000005                         40 	.ds 1
      000006                         41 _current_pin_stat::
      000006                         42 	.ds 1
      000007                         43 _prev_pin_stat::
      000007                         44 	.ds 1
                                     45 ;--------------------------------------------------------
                                     46 ; Stack segment in internal ram 
                                     47 ;--------------------------------------------------------
                                     48 	.area	SSEG
      000000                         49 __start__stack:
      000000                         50 	.ds	1
                                     51 
                                     52 ;--------------------------------------------------------
                                     53 ; absolute external ram data
                                     54 ;--------------------------------------------------------
                                     55 	.area DABS (ABS)
                                     56 
                                     57 ; default segment ordering for linker
                                     58 	.area HOME
                                     59 	.area GSINIT
                                     60 	.area GSFINAL
                                     61 	.area CONST
                                     62 	.area INITIALIZER
                                     63 	.area CODE
                                     64 
                                     65 ;--------------------------------------------------------
                                     66 ; interrupt vector 
                                     67 ;--------------------------------------------------------
                                     68 	.area HOME
      000000                         69 __interrupt_vect:
      000000 82v00u00u00             70 	int s_GSINIT ; reset
      000004 82 00 00 00             71 	int 0x000000 ; trap
      000008 82 00 00 00             72 	int 0x000000 ; int0
      00000C 82 00 00 00             73 	int 0x000000 ; int1
      000010 82 00 00 00             74 	int 0x000000 ; int2
      000014 82 00 00 00             75 	int 0x000000 ; int3
      000018 82 00 00 00             76 	int 0x000000 ; int4
      00001C 82 00 00 00             77 	int 0x000000 ; int5
      000020 82 00 00 00             78 	int 0x000000 ; int6
      000024 82 00 00 00             79 	int 0x000000 ; int7
      000028 82 00 00 00             80 	int 0x000000 ; int8
      00002C 82 00 00 00             81 	int 0x000000 ; int9
      000030 82 00 00 00             82 	int 0x000000 ; int10
      000034 82 00 00 00             83 	int 0x000000 ; int11
      000038 82 00 00 00             84 	int 0x000000 ; int12
      00003C 82 00 00 00             85 	int 0x000000 ; int13
      000040 82 00 00 00             86 	int 0x000000 ; int14
      000044 82 00 00 00             87 	int 0x000000 ; int15
      000048 82 00 00 00             88 	int 0x000000 ; int16
      00004C 82 00 00 00             89 	int 0x000000 ; int17
      000050 82 00 00 00             90 	int 0x000000 ; int18
      000054 82v00u00u63             91 	int _i2cirq ; int19
                                     92 ;--------------------------------------------------------
                                     93 ; global & static initialisations
                                     94 ;--------------------------------------------------------
                                     95 	.area HOME
                                     96 	.area GSINIT
                                     97 	.area GSFINAL
                                     98 	.area GSINIT
      000000                         99 __sdcc_gs_init_startup:
      000000                        100 __sdcc_init_data:
                                    101 ; stm8_genXINIT() start
      000000 AEr00r00         [ 2]  102 	ldw x, #l_DATA
      000003 27 07            [ 1]  103 	jreq	00002$
      000005                        104 00001$:
      000005 72 4FuFFuFF      [ 1]  105 	clr (s_DATA - 1, x)
      000009 5A               [ 2]  106 	decw x
      00000A 26 F9            [ 1]  107 	jrne	00001$
      00000C                        108 00002$:
      00000C AEr00r00         [ 2]  109 	ldw	x, #l_INITIALIZER
      00000F 27 09            [ 1]  110 	jreq	00004$
      000011                        111 00003$:
      000011 D6uFFuFF         [ 1]  112 	ld	a, (s_INITIALIZER - 1, x)
      000014 D7uFFuFF         [ 1]  113 	ld	(s_INITIALIZED - 1, x), a
      000017 5A               [ 2]  114 	decw	x
      000018 26 F7            [ 1]  115 	jrne	00003$
      00001A                        116 00004$:
                                    117 ; stm8_genXINIT() end
                                    118 	.area GSFINAL
      000000 CCr00r58         [ 2]  119 	jp	__sdcc_program_startup
                                    120 ;--------------------------------------------------------
                                    121 ; Home
                                    122 ;--------------------------------------------------------
                                    123 	.area HOME
                                    124 	.area HOME
      000058                        125 __sdcc_program_startup:
      000058 CCr01r4D         [ 2]  126 	jp	_main
                                    127 ;	return from main will return to caller
                                    128 ;--------------------------------------------------------
                                    129 ; code
                                    130 ;--------------------------------------------------------
                                    131 	.area CODE
                                    132 ;	main.c: 23: void I2CInit() {
                                    133 ;	-----------------------------------------
                                    134 ;	 function I2CInit
                                    135 ;	-----------------------------------------
      000000                        136 _I2CInit:
                                    137 ;	main.c: 24: I2C_FREQR |= 16;// 16MHz/10^6
      000000 72 18 52 12      [ 1]  138 	bset	21010, #4
                                    139 ;	main.c: 26: I2C_CR1 &= ~0x01;// cmd disable for i2c configurating
      000004 72 11 52 10      [ 1]  140 	bres	21008, #0
                                    141 ;	main.c: 28: I2C_TRISER |= (uint8_t)(17);// Riser time  
      000008 C6 52 1D         [ 1]  142 	ld	a, 0x521d
      00000B AA 11            [ 1]  143 	or	a, #0x11
      00000D C7 52 1D         [ 1]  144 	ld	0x521d, a
                                    145 ;	main.c: 30: I2C_CCRL = 0x50;
      000010 35 50 52 1B      [ 1]  146 	mov	0x521b+0, #0x50
                                    147 ;	main.c: 31: I2C_CCRH = 0x00;
      000014 35 00 52 1C      [ 1]  148 	mov	0x521c+0, #0x00
                                    149 ;	main.c: 33: I2C_CR1 |= 0x80;// No clock stretching.
      000018 72 1E 52 10      [ 1]  150 	bset	21008, #7
                                    151 ;	main.c: 35: I2C_OARL = (devID << 1);
      00001C 35 10 52 13      [ 1]  152 	mov	0x5213+0, #0x10
                                    153 ;	main.c: 36: I2C_OARH = (1 << 6);
      000020 35 40 52 14      [ 1]  154 	mov	0x5214+0, #0x40
                                    155 ;	main.c: 38: I2C_CR1 |= (1 << 0);// cmd enable
      000024 72 10 52 10      [ 1]  156 	bset	21008, #0
                                    157 ;	main.c: 39: I2C_CR2 |= (1 << 2);
      000028 C6 52 11         [ 1]  158 	ld	a, 0x5211
      00002B AA 04            [ 1]  159 	or	a, #0x04
      00002D C7 52 11         [ 1]  160 	ld	0x5211, a
                                    161 ;	main.c: 41: I2C_ITR |= (1 << 0) | (1 << 1) | (1 << 2);// enable interrupt (buffer, event and error interrupt)
      000030 C6 52 1A         [ 1]  162 	ld	a, 0x521a
      000033 AA 07            [ 1]  163 	or	a, #0x07
      000035 C7 52 1A         [ 1]  164 	ld	0x521a, a
                                    165 ;	main.c: 42: }
      000038 81               [ 4]  166 	ret
                                    167 ;	main.c: 44: static uint16_t I2CReadStat(){
                                    168 ;	-----------------------------------------
                                    169 ;	 function I2CReadStat
                                    170 ;	-----------------------------------------
      000039                        171 _I2CReadStat:
      000039 52 04            [ 2]  172 	sub	sp, #4
                                    173 ;	main.c: 46: (void)I2C_SR2;
      00003B C6 52 18         [ 1]  174 	ld	a, 0x5218
                                    175 ;	main.c: 47: I2C_SR2 = 0;
      00003E 35 00 52 18      [ 1]  176 	mov	0x5218+0, #0x00
                                    177 ;	main.c: 52: flag1 = I2C_SR1;
      000042 C6 52 17         [ 1]  178 	ld	a, 0x5217
      000045 97               [ 1]  179 	ld	xl, a
                                    180 ;	main.c: 53: flag2 = I2C_SR3;
      000046 C6 52 19         [ 1]  181 	ld	a, 0x5219
                                    182 ;	main.c: 54: return  ((uint16_t)((uint16_t)flag2 << (uint16_t)8) | (uint16_t)flag1);
      000049 95               [ 1]  183 	ld	xh, a
      00004A 0F 02            [ 1]  184 	clr	(0x02, sp)
      00004C 9F               [ 1]  185 	ld	a, xl
      00004D 0F 03            [ 1]  186 	clr	(0x03, sp)
      00004F 1A 02            [ 1]  187 	or	a, (0x02, sp)
      000051 02               [ 1]  188 	rlwa	x
      000052 1A 03            [ 1]  189 	or	a, (0x03, sp)
      000054 95               [ 1]  190 	ld	xh, a
                                    191 ;	main.c: 55: }
      000055 5B 04            [ 2]  192 	addw	sp, #4
      000057 81               [ 4]  193 	ret
                                    194 ;	main.c: 57: uint8_t I2CRead(){
                                    195 ;	-----------------------------------------
                                    196 ;	 function I2CRead
                                    197 ;	-----------------------------------------
      000058                        198 _I2CRead:
                                    199 ;	main.c: 59: while(!(I2C_SR1 & 0x40));
      000058                        200 00101$:
      000058 C6 52 17         [ 1]  201 	ld	a, 0x5217
      00005B A5 40            [ 1]  202 	bcp	a, #0x40
      00005D 27 F9            [ 1]  203 	jreq	00101$
                                    204 ;	main.c: 60: return ((uint8_t)I2C_DR);
      00005F C6 52 16         [ 1]  205 	ld	a, 0x5216
                                    206 ;	main.c: 61: }
      000062 81               [ 4]  207 	ret
                                    208 ;	main.c: 65: void i2cirq(void) __interrupt(19){
                                    209 ;	-----------------------------------------
                                    210 ;	 function i2cirq
                                    211 ;	-----------------------------------------
      000063                        212 _i2cirq:
                                    213 ;	main.c: 67: uint8_t i2cint = I2C_SR2 & 0x0F;
      000063 C6 52 18         [ 1]  214 	ld	a, 0x5218
      000066 A5 0F            [ 1]  215 	bcp	a, #0x0f
      000068 27 08            [ 1]  216 	jreq	00102$
                                    217 ;	main.c: 68: if(i2cint){
                                    218 ;	main.c: 69: I2C_SR2 &= ~(0x0F);
      00006A C6 52 18         [ 1]  219 	ld	a, 0x5218
      00006D A4 F0            [ 1]  220 	and	a, #0xf0
      00006F C7 52 18         [ 1]  221 	ld	0x5218, a
      000072                        222 00102$:
                                    223 ;	main.c: 72: switch(I2CReadStat()){
      000072 CDr00r39         [ 4]  224 	call	_I2CReadStat
      000075 A3 00 10         [ 2]  225 	cpw	x, #0x0010
      000078 27 65            [ 1]  226 	jreq	00114$
      00007A A3 02 02         [ 2]  227 	cpw	x, #0x0202
      00007D 27 0D            [ 1]  228 	jreq	00103$
      00007F A3 02 40         [ 2]  229 	cpw	x, #0x0240
      000082 27 45            [ 1]  230 	jreq	00111$
      000084 A3 06 80         [ 2]  231 	cpw	x, #0x0680
      000087 27 5C            [ 1]  232 	jreq	00116$
      000089 CCr01r4C         [ 2]  233 	jp	00128$
                                    234 ;	main.c: 74: case 0x0202 : //I2C_EVENT_SLAVE_RECEIVER_ADDRESS_MATCHED 
      00008C                        235 00103$:
                                    236 ;	main.c: 76: switch(I2CRead()){
      00008C CDr00r58         [ 4]  237 	call	_I2CRead
      00008F A1 D8            [ 1]  238 	cp	a, #0xd8
      000091 27 28            [ 1]  239 	jreq	00107$
      000093 A1 E5            [ 1]  240 	cp	a, #0xe5
      000095 27 0F            [ 1]  241 	jreq	00104$
      000097 A1 E6            [ 1]  242 	cp	a, #0xe6
      000099 27 12            [ 1]  243 	jreq	00105$
      00009B A1 E8            [ 1]  244 	cp	a, #0xe8
      00009D 27 15            [ 1]  245 	jreq	00106$
      00009F A1 F4            [ 1]  246 	cp	a, #0xf4
      0000A1 27 1F            [ 1]  247 	jreq	00108$
      0000A3 CCr01r4C         [ 2]  248 	jp	00128$
                                    249 ;	main.c: 77: case 0xE5: 
      0000A6                        250 00104$:
                                    251 ;	main.c: 78: i2c_reply = 0xE5;
      0000A6 35 E5u00u03      [ 1]  252 	mov	_i2c_reply+0, #0xe5
                                    253 ;	main.c: 80: break;
      0000AA CCr01r4C         [ 2]  254 	jp	00128$
                                    255 ;	main.c: 82: case 0xE6:
      0000AD                        256 00105$:
                                    257 ;	main.c: 83: i2c_reply = 0xE6;
      0000AD 35 E6u00u03      [ 1]  258 	mov	_i2c_reply+0, #0xe6
                                    259 ;	main.c: 85: break;
      0000B1 CCr01r4C         [ 2]  260 	jp	00128$
                                    261 ;	main.c: 87: case 0xE8:
      0000B4                        262 00106$:
                                    263 ;	main.c: 88: i2c_reply = 0xE8;
      0000B4 35 E8u00u03      [ 1]  264 	mov	_i2c_reply+0, #0xe8
                                    265 ;	main.c: 90: break;
      0000B8 CCr01r4C         [ 2]  266 	jp	00128$
                                    267 ;	main.c: 92: case 0xD8:
      0000BB                        268 00107$:
                                    269 ;	main.c: 93: i2c_reply = 0xD8;
      0000BB 35 D8u00u03      [ 1]  270 	mov	_i2c_reply+0, #0xd8
                                    271 ;	main.c: 95: break;
      0000BF CCr01r4C         [ 2]  272 	jp	00128$
                                    273 ;	main.c: 97: case 0xF4:
      0000C2                        274 00108$:
                                    275 ;	main.c: 98: i2c_reply = 0xF4;
      0000C2 35 F4u00u03      [ 1]  276 	mov	_i2c_reply+0, #0xf4
                                    277 ;	main.c: 100: break;
      0000C6 CCr01r4C         [ 2]  278 	jp	00128$
                                    279 ;	main.c: 107: case 0x0240: //I2C_EVENT_SLAVE_BYTE_RECEIVED
      0000C9                        280 00111$:
                                    281 ;	main.c: 110: if(i2c_reply == 0xF4){
      0000C9 C6u00u03         [ 1]  282 	ld	a, _i2c_reply+0
      0000CC A1 F4            [ 1]  283 	cp	a, #0xf4
      0000CE 27 03            [ 1]  284 	jreq	00245$
      0000D0 CCr01r4C         [ 2]  285 	jp	00128$
      0000D3                        286 00245$:
                                    287 ;	main.c: 111: replyF4 = I2CRead();// LED status parameter.
      0000D3 CDr00r58         [ 4]  288 	call	_I2CRead
      0000D6 C7u00u04         [ 1]  289 	ld	_replyF4+0, a
                                    290 ;	main.c: 112: i2c_reply = 0;
      0000D9 72 5Fu00u03      [ 1]  291 	clr	_i2c_reply+0
                                    292 ;	main.c: 119: break;
      0000DD 20 6D            [ 2]  293 	jra	00128$
                                    294 ;	main.c: 121: case 0x0010:// I2C_EVENT_SLAVE_STOP_RECEIVED	
      0000DF                        295 00114$:
                                    296 ;	main.c: 122: I2C_CR2 |= (1 << I2C_CR2_ACK);// send ack 
      0000DF 72 14 52 11      [ 1]  297 	bset	21009, #2
                                    298 ;	main.c: 124: break;
      0000E3 20 67            [ 2]  299 	jra	00128$
                                    300 ;	main.c: 131: case 0x0680: //I2C_EVENT_SLAVE_BYTE_TRANSMITTING
      0000E5                        301 00116$:
                                    302 ;	main.c: 132: (void)I2C_SR1;
      0000E5 C6 52 17         [ 1]  303 	ld	a, 0x5217
                                    304 ;	main.c: 133: (void)I2C_SR3;
      0000E8 C6 52 19         [ 1]  305 	ld	a, 0x5219
                                    306 ;	main.c: 134: switch(i2c_reply){
      0000EB C6u00u03         [ 1]  307 	ld	a, _i2c_reply+0
      0000EE A1 D8            [ 1]  308 	cp	a, #0xd8
      0000F0 27 30            [ 1]  309 	jreq	00120$
      0000F2 A1 E5            [ 1]  310 	cp	a, #0xe5
      0000F4 27 0E            [ 1]  311 	jreq	00117$
      0000F6 A1 E6            [ 1]  312 	cp	a, #0xe6
      0000F8 27 14            [ 1]  313 	jreq	00118$
      0000FA A1 E8            [ 1]  314 	cp	a, #0xe8
      0000FC 27 1A            [ 1]  315 	jreq	00119$
      0000FE A1 F4            [ 1]  316 	cp	a, #0xf4
      000100 27 41            [ 1]  317 	jreq	00123$
      000102 20 48            [ 2]  318 	jra	00128$
                                    319 ;	main.c: 135: case 0xE5:// Read NVM status
      000104                        320 00117$:
                                    321 ;	main.c: 136: I2C_DR = 0x45;// NVM is locked 
      000104 35 45 52 16      [ 1]  322 	mov	0x5216+0, #0x45
                                    323 ;	main.c: 137: i2c_reply = 0;
      000108 72 5Fu00u03      [ 1]  324 	clr	_i2c_reply+0
                                    325 ;	main.c: 139: break;
      00010C 20 3E            [ 2]  326 	jra	00128$
                                    327 ;	main.c: 141: case 0xE6:// Pattern ID (need more investigation).
      00010E                        328 00118$:
                                    329 ;	main.c: 142: I2C_DR = 0x69;
      00010E 35 69 52 16      [ 1]  330 	mov	0x5216+0, #0x69
                                    331 ;	main.c: 143: i2c_reply = 0;
      000112 72 5Fu00u03      [ 1]  332 	clr	_i2c_reply+0
                                    333 ;	main.c: 145: break;
      000116 20 34            [ 2]  334 	jra	00128$
                                    335 ;	main.c: 147: case 0xE8:// Read from reserved... (need more investigation).
      000118                        336 00119$:
                                    337 ;	main.c: 148: I2C_DR = 0x52;
      000118 35 52 52 16      [ 1]  338 	mov	0x5216+0, #0x52
                                    339 ;	main.c: 149: i2c_reply = 0;
      00011C 72 5Fu00u03      [ 1]  340 	clr	_i2c_reply+0
                                    341 ;	main.c: 151: break;
      000120 20 2A            [ 2]  342 	jra	00128$
                                    343 ;	main.c: 153: case 0xD8:// Read from SLG46582V OTP memory (6 bytes respond)
      000122                        344 00120$:
                                    345 ;	main.c: 154: I2C_DR = replyD8[replycnt];
      000122 5F               [ 1]  346 	clrw	x
      000123 C6u00u05         [ 1]  347 	ld	a, _replycnt+0
      000126 97               [ 1]  348 	ld	xl, a
      000127 1Cr00r00         [ 2]  349 	addw	x, #(_replyD8 + 0)
      00012A F6               [ 1]  350 	ld	a, (x)
      00012B C7 52 16         [ 1]  351 	ld	0x5216, a
                                    352 ;	main.c: 155: replycnt += 1;
      00012E 72 5Cu00u05      [ 1]  353 	inc	_replycnt+0
                                    354 ;	main.c: 156: if(replycnt == 6){
      000132 C6u00u05         [ 1]  355 	ld	a, _replycnt+0
      000135 A1 06            [ 1]  356 	cp	a, #0x06
      000137 26 13            [ 1]  357 	jrne	00128$
                                    358 ;	main.c: 157: replycnt = 0;
      000139 72 5Fu00u05      [ 1]  359 	clr	_replycnt+0
                                    360 ;	main.c: 158: i2c_reply = 0;
      00013D 72 5Fu00u03      [ 1]  361 	clr	_i2c_reply+0
                                    362 ;	main.c: 161: break;
      000141 20 09            [ 2]  363 	jra	00128$
                                    364 ;	main.c: 163: case 0xF4:// set virtual input to toggle something inside SLG46582V.
      000143                        365 00123$:
                                    366 ;	main.c: 164: I2C_DR = replyF4;// Register read-back capability.
      000143 55u00u04 52 16   [ 1]  367 	mov	0x5216+0, _replyF4+0
                                    368 ;	main.c: 165: i2c_reply = 0;
      000148 72 5Fu00u03      [ 1]  369 	clr	_i2c_reply+0
                                    370 ;	main.c: 178: }
      00014C                        371 00128$:
                                    372 ;	main.c: 180: }
      00014C 80               [11]  373 	iret
                                    374 ;	main.c: 185: void main(){
                                    375 ;	-----------------------------------------
                                    376 ;	 function main
                                    377 ;	-----------------------------------------
      00014D                        378 _main:
                                    379 ;	main.c: 186: PC_DDR |= (1 << 3);
      00014D 72 16 50 0C      [ 1]  380 	bset	20492, #3
                                    381 ;	main.c: 187: PC_CR1 |= (1 << 3);
      000151 C6 50 0D         [ 1]  382 	ld	a, 0x500d
      000154 AA 08            [ 1]  383 	or	a, #0x08
      000156 C7 50 0D         [ 1]  384 	ld	0x500d, a
                                    385 ;	main.c: 188: CLK_CKDIVR = 0;
      000159 35 00 50 C6      [ 1]  386 	mov	0x50c6+0, #0x00
                                    387 ;	main.c: 189: I2CInit();// init i2c as slave having address 0x65
      00015D CDr00r00         [ 4]  388 	call	_I2CInit
                                    389 ;	main.c: 190: prev_pin_stat = 1;
      000160 35 01u00u07      [ 1]  390 	mov	_prev_pin_stat+0, #0x01
                                    391 ;	main.c: 191: __asm__("rim");// enble interrupt
      000164 9A               [ 1]  392 	rim
                                    393 ;	main.c: 193: while(1){
      000165                        394 00107$:
                                    395 ;	main.c: 197: current_pin_stat = PD_IDR & (1 << 6);// detect pin change on GP0
      000165 C6 50 10         [ 1]  396 	ld	a, 0x5010
      000168 A4 40            [ 1]  397 	and	a, #0x40
                                    398 ;	main.c: 198: if(prev_pin_stat != current_pin_stat){
      00016A C7u00u06         [ 1]  399 	ld	_current_pin_stat+0, a
      00016D C1u00u07         [ 1]  400 	cp	a, _prev_pin_stat+0
      000170 27 F3            [ 1]  401 	jreq	00107$
                                    402 ;	main.c: 204: PC_ODR |= (1 << 3);
      000172 C6 50 0A         [ 1]  403 	ld	a, 0x500a
                                    404 ;	main.c: 200: if(current_pin_stat){
      000175 72 5Du00u06      [ 1]  405 	tnz	_current_pin_stat+0
      000179 27 11            [ 1]  406 	jreq	00102$
                                    407 ;	main.c: 202: __asm__("sim");
      00017B 9B               [ 1]  408 	sim
                                    409 ;	main.c: 204: PC_ODR |= (1 << 3);
      00017C AA 08            [ 1]  410 	or	a, #0x08
      00017E C7 50 0A         [ 1]  411 	ld	0x500a, a
                                    412 ;	main.c: 205: I2C_CR1 &= ~(1 << 0);
      000181 C6 52 10         [ 1]  413 	ld	a, 0x5210
      000184 A4 FE            [ 1]  414 	and	a, #0xfe
      000186 C7 52 10         [ 1]  415 	ld	0x5210, a
                                    416 ;	main.c: 206: __asm__("rim");
      000189 9A               [ 1]  417 	rim
      00018A 20 0A            [ 2]  418 	jra	00103$
      00018C                        419 00102$:
                                    420 ;	main.c: 210: __asm__("sim");
      00018C 9B               [ 1]  421 	sim
                                    422 ;	main.c: 212: PC_ODR &= ~(1 << 3);	
      00018D A4 F7            [ 1]  423 	and	a, #0xf7
      00018F C7 50 0A         [ 1]  424 	ld	0x500a, a
                                    425 ;	main.c: 213: I2CInit();
      000192 CDr00r00         [ 4]  426 	call	_I2CInit
                                    427 ;	main.c: 214: __asm__("rim");
      000195 9A               [ 1]  428 	rim
      000196                        429 00103$:
                                    430 ;	main.c: 218: prev_pin_stat = current_pin_stat;
      000196 55u00u06u00u07   [ 1]  431 	mov	_prev_pin_stat+0, _current_pin_stat+0
      00019B 20 C8            [ 2]  432 	jra	00107$
                                    433 ;	main.c: 224: }// main 
      00019D 81               [ 4]  434 	ret
                                    435 	.area CODE
                                    436 	.area CONST
      000000                        437 _replyD8:
      000000 11                     438 	.db #0x11	; 17
      000001 12                     439 	.db #0x12	; 18
      000002 13                     440 	.db #0x13	; 19
      000003 14                     441 	.db #0x14	; 20
      000004 15                     442 	.db #0x15	; 21
      000005 16                     443 	.db #0x16	; 22
                                    444 	.area INITIALIZER
      000000                        445 __xinit__Event:
      000000 00 00                  446 	.dw #0x0000
      000002                        447 __xinit__return_i2c:
      000002 00                     448 	.db #0x00	; 0
      000003                        449 __xinit__i2c_reply:
      000003 00                     450 	.db #0x00	; 0
      000004                        451 __xinit__replyF4:
      000004 00                     452 	.db #0x00	; 0
      000005                        453 __xinit__replycnt:
      000005 00                     454 	.db #0x00	; 0
      000006                        455 __xinit__current_pin_stat:
      000006 00                     456 	.db #0x00	; 0
      000007                        457 __xinit__prev_pin_stat:
      000007 00                     458 	.db #0x00	; 0
                                    459 	.area CABS (ABS)
