ASxxxx Linker V03.00 + NoICE + sdld,  page 1.
Hexadecimal  [32-Bits]

Area                                    Addr        Size        Decimal Bytes (Attributes)
--------------------------------        ----        ----        ------- ----- ------------
.  .ABS.                            00000000    00000000 =           0. bytes (ABS,CON)

      Value  Global                              Global Defined In Module
      -----  --------------------------------   ------------------------
     FFFFFFFF  s_SSEG                          
     00000000  .__.ABS.                           uart
     00000000  l_CABS                          
     00000000  l_DABS                          
     00000000  l_DATA                          
     00000000  l__CODE                         
     00000000  s_CABS                          
     00000000  s_DABS                          
     00000000  s__CODE                         
     00000001  l_SSEG                          
     00000001  s_DATA                          
     00000001  s_INITIALIZED                   
     00000003  l_GSFINAL                       
     00000006  l_CONST                         
     00000008  l_INITIALIZED                   
     00000008  l_INITIALIZER                   
     0000001A  l_GSINIT                        
     0000005B  l_HOME                          
     0000029E  l_CODE                          
     00008000  s_HOME                          
     0000805B  s_GSINIT                        
     00008075  s_GSFINAL                       
     00008078  s_CONST                         
     0000807E  s_INITIALIZER                   
     00008086  s_CODE                          

ASxxxx Linker V03.00 + NoICE + sdld,  page 2.
Hexadecimal  [32-Bits]

Area                                    Addr        Size        Decimal Bytes (Attributes)
--------------------------------        ----        ----        ------- ----- ------------
INITIALIZED                         00000001    00000008 =           8. bytes (REL,CON)

      Value  Global                              Global Defined In Module
      -----  --------------------------------   ------------------------
     00000001  _Event                             main
     00000003  _return_i2c                        main
     00000004  _i2c_reply                         main
     00000005  _replyF4                           main
     00000006  _replycnt                          main
     00000007  _current_pin_stat                  main
     00000008  _prev_pin_stat                     main

ASxxxx Linker V03.00 + NoICE + sdld,  page 3.
Hexadecimal  [32-Bits]

Area                                    Addr        Size        Decimal Bytes (Attributes)
--------------------------------        ----        ----        ------- ----- ------------
SSEG                                FFFFFFFF    00000001 =           1. bytes (REL,CON)

      Value  Global                              Global Defined In Module
      -----  --------------------------------   ------------------------
ASxxxx Linker V03.00 + NoICE + sdld,  page 4.
Hexadecimal  [32-Bits]

Area                                    Addr        Size        Decimal Bytes (Attributes)
--------------------------------        ----        ----        ------- ----- ------------
HOME                                00008000    0000005B =          91. bytes (REL,CON)

      Value  Global                              Global Defined In Module
      -----  --------------------------------   ------------------------
ASxxxx Linker V03.00 + NoICE + sdld,  page 5.
Hexadecimal  [32-Bits]

Area                                    Addr        Size        Decimal Bytes (Attributes)
--------------------------------        ----        ----        ------- ----- ------------
GSINIT                              0000805B    0000001A =          26. bytes (REL,CON)

      Value  Global                              Global Defined In Module
      -----  --------------------------------   ------------------------
ASxxxx Linker V03.00 + NoICE + sdld,  page 6.
Hexadecimal  [32-Bits]

Area                                    Addr        Size        Decimal Bytes (Attributes)
--------------------------------        ----        ----        ------- ----- ------------
GSFINAL                             00008075    00000003 =           3. bytes (REL,CON)

      Value  Global                              Global Defined In Module
      -----  --------------------------------   ------------------------
ASxxxx Linker V03.00 + NoICE + sdld,  page 7.
Hexadecimal  [32-Bits]

Area                                    Addr        Size        Decimal Bytes (Attributes)
--------------------------------        ----        ----        ------- ----- ------------
CONST                               00008078    00000006 =           6. bytes (REL,CON)

      Value  Global                              Global Defined In Module
      -----  --------------------------------   ------------------------
     00008078  _replyD8                           main

ASxxxx Linker V03.00 + NoICE + sdld,  page 8.
Hexadecimal  [32-Bits]

Area                                    Addr        Size        Decimal Bytes (Attributes)
--------------------------------        ----        ----        ------- ----- ------------
INITIALIZER                         0000807E    00000008 =           8. bytes (REL,CON)

      Value  Global                              Global Defined In Module
      -----  --------------------------------   ------------------------
ASxxxx Linker V03.00 + NoICE + sdld,  page 9.
Hexadecimal  [32-Bits]

Area                                    Addr        Size        Decimal Bytes (Attributes)
--------------------------------        ----        ----        ------- ----- ------------
CODE                                00008086    0000029E =         670. bytes (REL,CON)

      Value  Global                              Global Defined In Module
      -----  --------------------------------   ------------------------
     00008086  _I2CInit                           main
     000080DE  _I2CRead                           main
     000080E9  _i2cirq                            main
     000081D3  _main                              main
     00008224  _eeprom_unlock                     eeprom
     00008234  _option_bytes_unlock               eeprom
     0000823D  _eeprom_lock                       eeprom
     00008242  _eeprom_wait_busy                  eeprom
     0000824A  _i2c_init                          i2c
     0000825B  _i2c_start                         i2c
     00008266  _i2c_stop                          i2c
     00008271  _i2c_write                         i2c
     0000827D  _i2c_write_addr                    i2c
     00008292  _i2c_read                          i2c
     000082A4  _i2c_read_arr                      i2c
     000082CD  _SPI_init                          spi
     000082D6  _SPI_read                          spi
     000082E6  _SPI_write                         spi
     000082F4  _uart_init                         uart
     0000830B  _uart_write                        uart
     00008319  _uart_read                         uart
ASxxxx Linker V03.00 + NoICE + sdld,  page 10.

Files Linked                              [ module(s) ]

main.rel                                  [ main ]
../../lib/delay.rel                       [ delay ]
../../lib/eeprom.rel                      [ eeprom ]
../../lib/i2c.rel                         [ i2c ]
../../lib/spi.rel                         [ spi ]
../../lib/uart.rel                        [ uart ]

ASxxxx Linker V03.00 + NoICE + sdld,  page 11.

User Base Address Definitions

HOME = 0x8000
DATA = 0x0001
SSEG = 0xffffffff

